<?xml version="1.0" encoding="UTF-8"?>
<testsuites name="jest tests" tests="10" failures="0" errors="0" time="3.119">
  <testsuite name="src/Elevator.test.js" errors="0" failures="0" skipped="0" timestamp="2022-02-08T11:34:36" time="2.221" tests="2">
    <testcase classname="Division testing-8 / 1 = 8" name="Division testing-8 / 1 = 8" time="0.001" file="src/Elevator.test.js">
    </testcase>
    <testcase classname="Division testing-9 / 3 = 2" name="Division testing-9 / 3 = 2" time="0" file="src/Elevator.test.js">
    </testcase>
  </testsuite>
  <testsuite name="src/KeyMetrics.test.js" errors="0" failures="0" skipped="0" timestamp="2022-02-08T11:34:36" time="2.222" tests="3">
    <testcase classname="Multiplication testing-3 * 1 = 3" name="Multiplication testing-3 * 1 = 3" time="0.001" file="src/KeyMetrics.test.js">
    </testcase>
    <testcase classname="Multiplication testing-3 * 3 = 9" name="Multiplication testing-3 * 3 = 9" time="0" file="src/KeyMetrics.test.js">
    </testcase>
    <testcase classname="Multiplication testing-3 * 5 = 15" name="Multiplication testing-3 * 5 = 15" time="0" file="src/KeyMetrics.test.js">
    </testcase>
  </testsuite>
  <testsuite name="src/App.test.js" errors="0" failures="0" skipped="0" timestamp="2022-02-08T11:34:36" time="2.223" tests="5">
    <testcase classname="Addition testing-2 + 2 = 4" name="Addition testing-2 + 2 = 4" time="0.001" file="src/App.test.js">
    </testcase>
    <testcase classname="Addition testing-2 + 3 = 5" name="Addition testing-2 + 3 = 5" time="0" file="src/App.test.js">
    </testcase>
    <testcase classname="Addition testing-2 + 5 = 7" name="Addition testing-2 + 5 = 7" time="0" file="src/App.test.js">
    </testcase>
    <testcase classname="Addition testing-2 + 7 = 9" name="Addition testing-2 + 7 = 9" time="0" file="src/App.test.js">
    </testcase>
    <testcase classname="Addition testing-2 + 20 = 22" name="Addition testing-2 + 20 = 22" time="0" file="src/App.test.js">
    </testcase>
  </testsuite>
</testsuites>